test_index_outside_embedding_is_rejected (test_id_lookup.OriginalLookupTests) ... ok
test_larger_embedding_accepts_catalog_subset (test_id_lookup.OriginalLookupTests) ... ok
test_original_ranker_passes_catalog_ids_without_remapping (test_id_lookup.OriginalLookupTests) ... ok
test_invalid_payload_spends_no_attempt (test_live_app_http.AppBudgetTests) ... ok
test_key_not_in_resource_worker_environment (test_live_app_http.AppBudgetTests) ... ok
test_original_stop_sequences_are_forwarded_unchanged (test_live_app_http.AppBudgetTests) ... ok
test_timeout_consumes_slot_and_redirect_not_followed (test_live_app_http.AppBudgetTests) ... ok
test_two_attempts_across_instances_even_on_500 (test_live_app_http.AppBudgetTests) ... ok
test_validation_rejects_empty_wrong_year_duplicates_or_llm_only (test_live_app_http.AppBudgetTests) ... ok
test_invalid_authorization_or_missing_key_has_no_attempt (test_live_llm_connection.ConnectionTests) ... ok
test_redirect_is_not_followed (test_live_llm_connection.ConnectionTests) ... ok
test_server_error_no_retry_and_no_secret_in_report (test_live_llm_connection.ConnectionTests) ... ok
test_success_original_sdk_payload_and_repeat_denied (test_live_llm_connection.ConnectionTests) ... ok
test_timeout_consumes_attempt_without_retry (test_live_llm_connection.ConnectionTests) ... ok
test_default_profile_never_authorizes_calls (test_live_llm_preflight.LivePreflightTests) ... ok
test_ready_is_configuration_only_and_has_no_secret (test_live_llm_preflight.LivePreflightTests) ... ok
test_rejects_zero_budget_boolean_integer_and_embedded_secret (test_live_llm_preflight.LivePreflightTests) ... ok
test_decode_failure_is_sanitized (test_local_api_key.LocalKeyTests) ... ok
test_environment_takes_precedence_without_reading_file (test_local_api_key.LocalKeyTests) ... ok
test_live_entry_uses_file_without_echoing_key (test_local_api_key.LocalKeyTests) ... ok
test_malformed_or_duplicate_key_never_echoed (test_local_api_key.LocalKeyTests) ... ok
test_missing_or_empty_key_is_not_ready (test_local_api_key.LocalKeyTests) ... ok
test_offline_entry_never_reads_secret (test_local_api_key.LocalKeyTests) ... ok
test_only_key_is_read_no_expansion_or_environment_mutation (test_local_api_key.LocalKeyTests) ... ok
test_utf8_bom_quotes_crlf_and_comments (test_local_api_key.LocalKeyTests) ... ok
test_worker_import_does_not_read_dotenv (test_local_api_key.LocalKeyTests) ... ok
test_transient_retry_and_cached_block_reuse (test_matrix_resume.MatrixResumeTests) ... ok
test_wrong_bounds_or_changed_cache_is_rejected (test_matrix_resume.MatrixResumeTests) ... ok
test_integer_years_match_original_datetime_contract_without_mutation (test_redial_preprocess.RedialPreprocessTests) ... ok
test_directory_and_selected_member_read (test_remote_zip.RemoteZipTests) ... ok
test_public_confirmation_form_scope (test_remote_zip.RemoteZipTests) ... ok
test_wrong_or_unbounded_range_is_rejected (test_remote_zip.RemoteZipTests) ... ok

----------------------------------------------------------------------
Ran 32 tests in 19.323s

OK
