test_alias_is_backed_by_same_source_row (test_catalog_identity.CatalogIdentityTests) ... ok
test_article_representation_and_year_select_exact_item (test_catalog_identity.CatalogIdentityTests) ... ok
test_collision_is_ambiguous_not_arbitrarily_chosen (test_catalog_identity.CatalogIdentityTests) ... ok
test_crosswalk_rejects_genre_conflict_and_many_to_one (test_catalog_identity.CatalogIdentityTests) ... ok
test_crosswalk_uses_metadata_and_genres_not_model_row_count (test_catalog_identity.CatalogIdentityTests) ... ok
test_invalid_or_duplicate_raw_id_is_rejected (test_catalog_identity.CatalogIdentityTests) ... ok
test_missing_year_never_chooses_remake (test_catalog_identity.CatalogIdentityTests) ... ok
test_movie_in_official_source_but_outside_catalog_is_not_inserted (test_catalog_identity.CatalogIdentityTests) ... ok
test_source_alias_returns_existing_catalog_id_only (test_catalog_identity.CatalogIdentityTests) ... ok
test_unlisted_and_fuzzy_title_are_not_invented_aliases (test_catalog_identity.CatalogIdentityTests) ... ok
test_year_conflict_does_not_rewrite_target_or_select_another_year (test_catalog_identity.CatalogIdentityTests) ... ok
test_index_outside_embedding_is_rejected (test_id_lookup.OriginalLookupTests) ... ok
test_larger_embedding_accepts_catalog_subset (test_id_lookup.OriginalLookupTests) ... ok
test_original_ranker_passes_catalog_ids_without_remapping (test_id_lookup.OriginalLookupTests) ... ok
test_invalid_payload_spends_no_attempt (test_live_app_http.AppBudgetTests) ... ok
test_key_not_in_resource_worker_environment (test_live_app_http.AppBudgetTests) ... ok
test_original_stop_sequences_are_forwarded_unchanged (test_live_app_http.AppBudgetTests) ... ok
test_timeout_consumes_slot_and_redirect_not_followed (test_live_app_http.AppBudgetTests) ... ok
test_two_attempts_across_instances_even_on_500 (test_live_app_http.AppBudgetTests) ... ok
test_validation_rejects_empty_wrong_year_duplicates_or_llm_only (test_live_app_http.AppBudgetTests) ... ok
test_invalid_authorization_or_missing_key_has_no_attempt (test_live_llm_connection.ConnectionTests) ... ok
test_redirect_is_not_followed (test_live_llm_connection.ConnectionTests) ... ok
test_server_error_no_retry_and_no_secret_in_report (test_live_llm_connection.ConnectionTests) ... ok
test_success_original_sdk_payload_and_repeat_denied (test_live_llm_connection.ConnectionTests) ... ok
test_timeout_consumes_attempt_without_retry (test_live_llm_connection.ConnectionTests) ... ok
test_default_profile_never_authorizes_calls (test_live_llm_preflight.LivePreflightTests) ... ok
test_ready_is_configuration_only_and_has_no_secret (test_live_llm_preflight.LivePreflightTests) ... ok
test_rejects_zero_budget_boolean_integer_and_embedded_secret (test_live_llm_preflight.LivePreflightTests) ... ok
test_decode_failure_is_sanitized (test_local_api_key.LocalKeyTests) ... ok
test_environment_takes_precedence_without_reading_file (test_local_api_key.LocalKeyTests) ... ok
test_live_entry_uses_file_without_echoing_key (test_local_api_key.LocalKeyTests) ... ok
test_malformed_or_duplicate_key_never_echoed (test_local_api_key.LocalKeyTests) ... ok
test_missing_or_empty_key_is_not_ready (test_local_api_key.LocalKeyTests) ... ok
test_offline_entry_never_reads_secret (test_local_api_key.LocalKeyTests) ... ok
test_only_key_is_read_no_expansion_or_environment_mutation (test_local_api_key.LocalKeyTests) ... ok
test_utf8_bom_quotes_crlf_and_comments (test_local_api_key.LocalKeyTests) ... ok
test_worker_import_does_not_read_dotenv (test_local_api_key.LocalKeyTests) ... ok
test_transient_retry_and_cached_block_reuse (test_matrix_resume.MatrixResumeTests) ... ok
test_wrong_bounds_or_changed_cache_is_rejected (test_matrix_resume.MatrixResumeTests) ... ok
test_integer_years_match_original_datetime_contract_without_mutation (test_redial_preprocess.RedialPreprocessTests) ... ok
test_directory_and_selected_member_read (test_remote_zip.RemoteZipTests) ... ok
test_public_confirmation_form_scope (test_remote_zip.RemoteZipTests) ... ok
test_wrong_or_unbounded_range_is_rejected (test_remote_zip.RemoteZipTests) ... ok
test_401_and_unknown_usage_stop_later_requests (test_reproduction_session.SessionTests) ... ok
test_context_cannot_be_switched_to_hidden_target (test_reproduction_session.SessionTests) ... ok
test_crashed_reserved_request_blocks_further_spending (test_reproduction_session.SessionTests) ... ok
test_money_guard_refuses_before_http (test_reproduction_session.SessionTests) ... ok
test_redirect_not_followed_and_secret_redacted (test_reproduction_session.SessionTests) ... ok
test_request_slots_persist_across_instances (test_reproduction_session.SessionTests) ... ok
test_scope_and_token_limits_reject_without_spending (test_reproduction_session.SessionTests) ... ok
test_turn_validation_requires_current_year_range_and_tools (test_reproduction_session.SessionTests) ... ok
test_contract_blocks_whole_input_and_never_filters (test_upstream_bugfixes.UpstreamBugfixTests) ... ok
test_contract_refuses_empty_input_and_padding (test_upstream_bugfixes.UpstreamBugfixTests) ... ok
test_contract_requires_exact_year_and_unique_title (test_upstream_bugfixes.UpstreamBugfixTests) ... ok
test_original_selection_can_choose_an_unreachable_final_target (test_upstream_bugfixes.UpstreamBugfixTests) ... ok
test_original_signed_year_bug_is_reproduced (test_upstream_bugfixes.UpstreamBugfixTests) ... ok
test_patch_preserves_non_duplicate_mapping_and_original_input (test_upstream_bugfixes.UpstreamBugfixTests) ... ok
test_patch_selects_exact_remake_year (test_upstream_bugfixes.UpstreamBugfixTests) ... ok
test_patch_selects_nearest_absolute_year (test_upstream_bugfixes.UpstreamBugfixTests) ... ok
test_reflection_keeps_external_history_every_attempt (test_upstream_bugfixes.UpstreamBugfixTests) ... ok
test_reflection_keeps_limit_and_memory_fallback (test_upstream_bugfixes.UpstreamBugfixTests) ... ok
test_normalizes_case_and_punctuation (test_upstream_text_hit.OriginalTextHitTests) ... ok
test_partial_title_can_hit_a_different_title (test_upstream_text_hit.OriginalTextHitTests) ... ok
test_threshold_is_strictly_greater_than_eighty (test_upstream_text_hit.OriginalTextHitTests) ... ok

----------------------------------------------------------------------
Ran 64 tests in 15.397s

OK
